---
source: crates/lyra-tests/tests/corpus.rs
expression: ws.dump_diagnostics()
---
// file: main.sv (5 diagnostics)
  error[lyra.type.record_assign_incompat] 23:12..23:12: cannot assign struct `s2_t` to struct `s1_t`
  error[lyra.type.record_assign_incompat] 27:12..27:12: cannot assign union `u1_t` to struct `s1_t`
  warning[lyra.type.width_mismatch] 40:8..40:8: implicit truncation: 16-bit value assigned to 8-bit target
  error[lyra.type.unpacked_record_integral_assign] 45:15..45:15: unpacked struct `unpacked_t` cannot be assigned to/from integral type `logic [15:0]`
  error[lyra.type.unpacked_record_integral_assign] 47:17..47:17: unpacked struct `unpacked_t` cannot be assigned to/from integral type `logic [15:0]`
---
unit (0 diagnostics)
