---
source: crates/lyra-tests/tests/corpus.rs
expression: ws.dump_diagnostics()
---
// file: main.sv (3 diagnostics)
  error[lyra.type.modport_direction] 25:18..25:18: modport member declared 'input' cannot be used in write context
  error[lyra.type.modport_direction] 32:30..32:30: modport member declared 'output' cannot be used in read context
  error[lyra.type.modport_direction] 38:18..38:18: modport member declared 'input' cannot be used in write context
---
unit (0 diagnostics)
