---
source: crates/lyra-tests/tests/corpus.rs
expression: ws.dump_diagnostics()
---
// file: main.sv (4 diagnostics)
  error[lyra.type.modport_direction] 38:16..38:16: modport member declared 'input' cannot be used in write context
  error[lyra.type.modport_direction] 45:20..45:20: modport member declared 'output' cannot be used in read context
  error[lyra.type.modport_empty_port] 52:20..52:20: modport port has no connection (empty parens)
  error[lyra.type.modport_expr_not_assignable] 58:16..58:16: modport expression target is not assignable
---
unit (0 diagnostics)
