---
source: crates/lyra-tests/tests/parse.rs
expression: ws.dump_parse()
---
// file: main.sv
SourceFile@0..240
  ModuleDecl@0..239
    ModuleKw@0..6 "module"
    Whitespace@6..7 " "
    Ident@7..14 "decoder"
    PortList@14..61
      LParen@14..15 "("
      Port@15..36
        InputKw@15..20 "input"
        TypeSpec@20..32
          Whitespace@20..21 " "
          LogicKw@21..26 "logic"
          PackedDimension@26..32
            Whitespace@26..27 " "
            LBracket@27..28 "["
            Literal@28..29
              IntLiteral@28..29 "1"
            Colon@29..30 ":"
            Literal@30..31
              IntLiteral@30..31 "0"
            RBracket@31..32 "]"
        Whitespace@32..33 " "
        Ident@33..36 "sel"
      Comma@36..37 ","
      Port@37..60
        Whitespace@37..38 " "
        OutputKw@38..44 "output"
        TypeSpec@44..56
          Whitespace@44..45 " "
          LogicKw@45..50 "logic"
          PackedDimension@50..56
            Whitespace@50..51 " "
            LBracket@51..52 "["
            Literal@52..53
              IntLiteral@52..53 "3"
            Colon@53..54 ":"
            Literal@54..55
              IntLiteral@54..55 "0"
            RBracket@55..56 "]"
        Whitespace@56..57 " "
        Ident@57..60 "out"
      RParen@60..61 ")"
    Semicolon@61..62 ";"
    ModuleBody@62..229
      AlwaysBlock@62..229
        Whitespace@62..65 "\n  "
        AlwaysCombKw@65..76 "always_comb"
        BlockStmt@76..229
          Whitespace@76..77 " "
          BeginKw@77..82 "begin"
          CaseStmt@82..223
            Whitespace@82..87 "\n    "
            CaseKw@87..91 "case"
            Whitespace@91..92 " "
            LParen@92..93 "("
            NameRef@93..96
              Ident@93..96 "sel"
            RParen@96..97 ")"
            CaseItem@97..125
              Literal@97..109
                Whitespace@97..104 "\n      "
                IntLiteral@104..105 "2"
                BasedLiteral@105..109 "'b00"
              Colon@109..110 ":"
              AssignStmt@110..125
                NameRef@110..114
                  Whitespace@110..111 " "
                  Ident@111..114 "out"
                Whitespace@114..115 " "
                Assign@115..116 "="
                Literal@116..124
                  Whitespace@116..117 " "
                  IntLiteral@117..118 "4"
                  BasedLiteral@118..124 "'b0001"
                Semicolon@124..125 ";"
            CaseItem@125..153
              Literal@125..137
                Whitespace@125..132 "\n      "
                IntLiteral@132..133 "2"
                BasedLiteral@133..137 "'b01"
              Colon@137..138 ":"
              AssignStmt@138..153
                NameRef@138..142
                  Whitespace@138..139 " "
                  Ident@139..142 "out"
                Whitespace@142..143 " "
                Assign@143..144 "="
                Literal@144..152
                  Whitespace@144..145 " "
                  IntLiteral@145..146 "4"
                  BasedLiteral@146..152 "'b0010"
                Semicolon@152..153 ";"
            CaseItem@153..181
              Literal@153..165
                Whitespace@153..160 "\n      "
                IntLiteral@160..161 "2"
                BasedLiteral@161..165 "'b10"
              Colon@165..166 ":"
              AssignStmt@166..181
                NameRef@166..170
                  Whitespace@166..167 " "
                  Ident@167..170 "out"
                Whitespace@170..171 " "
                Assign@171..172 "="
                Literal@172..180
                  Whitespace@172..173 " "
                  IntLiteral@173..174 "4"
                  BasedLiteral@174..180 "'b0100"
                Semicolon@180..181 ";"
            CaseItem@181..211
              Whitespace@181..188 "\n      "
              DefaultKw@188..195 "default"
              Colon@195..196 ":"
              AssignStmt@196..211
                NameRef@196..200
                  Whitespace@196..197 " "
                  Ident@197..200 "out"
                Whitespace@200..201 " "
                Assign@201..202 "="
                Literal@202..210
                  Whitespace@202..203 " "
                  IntLiteral@203..204 "4"
                  BasedLiteral@204..210 "'b1000"
                Semicolon@210..211 ";"
            Whitespace@211..216 "\n    "
            EndcaseKw@216..223 "endcase"
          Whitespace@223..226 "\n  "
          EndKw@226..229 "end"
    Whitespace@229..230 "\n"
    EndmoduleKw@230..239 "endmodule"
  Whitespace@239..240 "\n"
---
no diagnostics
