---
source: crates/lyra-tests/tests/parse.rs
expression: ws.dump_parse()
---
// file: main.sv
SourceFile@0..136
  ModuleDecl@0..135
    ModuleKw@0..6 "module"
    Whitespace@6..7 " "
    Ident@7..16 "decl_test"
    Semicolon@16..17 ";"
    ModuleBody@17..125
      NetDecl@17..33
        TypeSpec@17..30
          Whitespace@17..20 "\n  "
          WireKw@20..24 "wire"
          PackedDimension@24..30
            Whitespace@24..25 " "
            LBracket@25..26 "["
            Literal@26..27
              IntLiteral@26..27 "7"
            Colon@27..28 ":"
            Literal@28..29
              IntLiteral@28..29 "0"
            RBracket@29..30 "]"
        Declarator@30..32
          Whitespace@30..31 " "
          Ident@31..32 "w"
        Semicolon@32..33 ";"
      NetDecl@33..57
        TypeSpec@33..54
          Whitespace@33..36 "\n  "
          WireKw@36..40 "wire"
          Whitespace@40..41 " "
          SignedKw@41..47 "signed"
          PackedDimension@47..54
            Whitespace@47..48 " "
            LBracket@48..49 "["
            Literal@49..51
              IntLiteral@49..51 "15"
            Colon@51..52 ":"
            Literal@52..53
              IntLiteral@52..53 "0"
            RBracket@53..54 "]"
        Declarator@54..56
          Whitespace@54..55 " "
          Ident@55..56 "s"
        Semicolon@56..57 ";"
      VarDecl@57..77
        TypeSpec@57..71
          Whitespace@57..60 "\n  "
          LogicKw@60..65 "logic"
          PackedDimension@65..71
            Whitespace@65..66 " "
            LBracket@66..67 "["
            Literal@67..68
              IntLiteral@67..68 "3"
            Colon@68..69 ":"
            Literal@69..70
              IntLiteral@69..70 "0"
            RBracket@70..71 "]"
        Declarator@71..73
          Whitespace@71..72 " "
          Ident@72..73 "x"
        Comma@73..74 ","
        Declarator@74..76
          Whitespace@74..75 " "
          Ident@75..76 "y"
        Semicolon@76..77 ";"
      ParamDecl@77..101
        Whitespace@77..80 "\n  "
        ParameterKw@80..89 "parameter"
        Declarator@89..100
          Whitespace@89..90 " "
          Ident@90..95 "DEPTH"
          Whitespace@95..96 " "
          Assign@96..97 "="
          Literal@97..100
            Whitespace@97..98 " "
            IntLiteral@98..100 "16"
        Semicolon@100..101 ";"
      ParamDecl@101..125
        Whitespace@101..104 "\n  "
        LocalparamKw@104..114 "localparam"
        Declarator@114..124
          Whitespace@114..115 " "
          Ident@115..120 "WIDTH"
          Whitespace@120..121 " "
          Assign@121..122 "="
          Literal@122..124
            Whitespace@122..123 " "
            IntLiteral@123..124 "8"
        Semicolon@124..125 ";"
    Whitespace@125..126 "\n"
    EndmoduleKw@126..135 "endmodule"
  Whitespace@135..136 "\n"
---
no diagnostics
